[INFO] Scanning for projects...
[INFO] 
[INFO] -------------------< com.classroom:material-service >-------------------
[INFO] Building material-service 1.0.0
[INFO]   from pom.xml
[INFO] --------------------------------[ jar ]---------------------------------
[INFO] 
[INFO] --- clean:3.4.1:clean (default-clean) @ material-service ---
[INFO] Deleting C:\Users\AliAmanKhan\OneDrive - Academian India Private Limited\My Data\Sprint 6\backend\material-service\target
[INFO] ------------------------------------------------------------------------
[INFO] BUILD FAILURE
[INFO] ------------------------------------------------------------------------
[INFO] Total time:  4.261 s
[INFO] Finished at: 2026-06-30T14:01:38+05:30
[INFO] ------------------------------------------------------------------------
[ERROR] Failed to execute goal org.apache.maven.plugins:maven-clean-plugin:3.4.1:clean (default-clean) on project material-service: Failed to clean project: Failed to delete C:\Users\AliAmanKhan\OneDrive - Academian India Private Limited\My Data\Sprint 6\backend\material-service\target\classes -> [Help 1]
[ERROR] 
[ERROR] To see the full stack trace of the errors, re-run Maven with the -e switch.
[ERROR] Re-run Maven using the -X switch to enable full debug logging.
[ERROR] 
[ERROR] For more information about the errors and possible solutions, please read the following articles:
[ERROR] [Help 1] http://cwiki.apache.org/confluence/display/MAVEN/MojoExecutionException
